// class version 52.0 (52)
// access flags 0x421
public abstract class p/AbstractOne {


  @Lorg/jetbrains/kotlin/tools/kompot/api/annotations/ExistsIn;(version="1, 2")

  // access flags 0x1
  public <init>()V

  // access flags 0x401
  public abstract withParam(Ljava/lang/String;)V
}
