// class version 52.0 (52)
// access flags 0x21
// signature Ljava/lang/Object;Lp/data/GenericI<Lp/data/I2;>;
// declaration: p/GenericsMismatchV1 implements p.data.GenericI<p.data.I2>
public class p/GenericsMismatchV1 implements p/data/GenericI  {


  @Lorg/jetbrains/kotlin/tools/kompot/api/annotations/ExistsIn;(version="2")

  // access flags 0x1
  public <init>()V
}
