// class version 52.0 (52)
// access flags 0x21
// signature Ljava/lang/Object;Lp/data/GenericI<Lp/GenericsMismatchOnInnerRef$MyInnerV1;>;
// declaration: p/GenericsMismatchOnInnerRefV0 implements p.data.GenericI<p.GenericsMismatchOnInnerRef$MyInnerV1>
public class p/GenericsMismatchOnInnerRefV0 implements p/data/GenericI  {


  @Lorg/jetbrains/kotlin/tools/kompot/api/annotations/ExistsIn;(version="1")
  // access flags 0x9
  public static INNERCLASS p/GenericsMismatchOnInnerRef$MyInnerV1 p/GenericsMismatchOnInnerRefV0 MyInnerV1

  // access flags 0x1
  public <init>()V
}
