// class version 52.0 (52)
// access flags 0x2601
public abstract @interface p/MyAnnotation implements java/lang/annotation/Annotation  {


  @Ljava/lang/annotation/Retention;(value=Ljava/lang/annotation/RetentionPolicy;.RUNTIME)

  @Lorg/jetbrains/kotlin/tools/kompot/api/annotations/ExistsIn;(version="1, 2")

  // access flags 0x401
  public abstract value()Ljava/lang/String;
}
