// class version 52.0 (52)
// access flags 0x21
public class p/ParameterNameToLVT {


  @Lorg/jetbrains/kotlin/tools/kompot/api/annotations/ExistsIn;(version="1, 2")

  // access flags 0x1
  public <init>()V
   L0
    NEW java/lang/UnsupportedOperationException
    DUP
    LDC "Superset stub body should never be called!"
    INVOKESPECIAL java/lang/UnsupportedOperationException.<init> (Ljava/lang/String;)V
    ATHROW
   L1
    LOCALVARIABLE this p/ParameterNameToLVT L0 L1 0
    MAXSTACK = 3
    MAXLOCALS = 1

  // access flags 0x1
  public checkParamName(Ljava/lang/String;)V
    // parameter  someCustomParameterName
   L0
    NEW java/lang/UnsupportedOperationException
    DUP
    LDC "Superset stub body should never be called!"
    INVOKESPECIAL java/lang/UnsupportedOperationException.<init> (Ljava/lang/String;)V
    ATHROW
   L1
    LOCALVARIABLE this p/ParameterNameToLVT L0 L1 0
    LOCALVARIABLE someCustomParameterName Ljava/lang/String; L0 L1 1
    MAXSTACK = 3
    MAXLOCALS = 2
}
