// class version 52.0 (52)
// access flags 0x21
public class p/SuperclassMismatchV1 extends p/data/SC2  {


  @Lorg/jetbrains/kotlin/tools/kompot/api/annotations/ExistsIn;(version="2")

  // access flags 0x1
  public <init>()V
}
