// class version 52.0 (52)
// access flags 0x21
public class p/WithNullability {


  @Lorg/jetbrains/kotlin/tools/kompot/api/annotations/ExistsIn;(version="1, 2")

  // access flags 0x1
  public <init>()V

  // access flags 0x1
  public wasDefault()Ljava/lang/String;
  @Lorg/jetbrains/annotations/Nullable;()

  // access flags 0x1
  public madeDefault()Ljava/lang/String;

  // access flags 0x1
  public becameNotNull()Ljava/lang/String;
  @Lorg/jetbrains/annotations/Nullable;()

  // access flags 0x1
  public becameNullable()Ljava/lang/String;
  @Lorg/jetbrains/annotations/Nullable;()

  // access flags 0x1
  public parameterNullability(Ljava/lang/String;)V
    // parameter  param
    @Lorg/jetbrains/annotations/NotNull;() // parameter 0

  // access flags 0x1
  public parameterNullability1(Ljava/lang/String;)V
    // parameter  s
    @Lorg/jetbrains/annotations/Nullable;() // parameter 0

  // access flags 0x1
  public parameterNullability2(Ljava/lang/String;)V
    // parameter  s
}
