// class version 52.0 (52)
// access flags 0x31
public final class p/CompatibleWithMembers {

  // compiled from: CompatibleWithMembers.kt

  @Lkotlin/Metadata;(mv={1, 1, 9}, bv={1, 0, 2}, k=1, d1={"\u0000\u0012\n\u0002\u0018\u0002\n\u0002\u0010\u0000\n\u0002\u0008\u0002\n\u0002\u0010\u0002\n\u0000\u0018\u00002\u00020\u0001B\u0005\u00a2\u0006\u0002\u0010\u0002J\u0008\u0010\u0003\u001a\u00020\u0004H\u0007\u00a8\u0006\u0005"}, d2={"Lp/CompatibleWithMembers;", "", "()V", "a", "", "test-data_testSimple"})

  // access flags 0x1
  public <init>()V
}
