// class version 52.0 (52)
// access flags 0x31
public final class p/Scopes {

  // compiled from: Scopes.kt
  // debug info: SMAP
Scopes.kt
Kotlin
*S Kotlin
*F
+ 1 Scopes.kt
p/Scopes
+ 2 Scopes.kt
org/jetbrains/kotlin/tools/kompot/api/source/ScopesKt
*L
1#1,28:1
7#2,7:29
7#2,7:36
7#2,2:43
7#2,7:45
9#2,5:52
7#2,7:57
*E
*S KotlinDebug
*F
+ 1 Scopes.kt
p/Scopes
*L
7#1,7:29
9#1,7:36
15#1,2:43
15#1,7:45
15#1,5:52
23#1,7:57
*E


  @Lkotlin/Metadata;(mv={1, 1, 9}, bv={1, 0, 2}, k=1, d1={"\u0000\u0014\n\u0002\u0018\u0002\n\u0002\u0010\u0000\n\u0002\u0008\u0002\n\u0002\u0010\u0002\n\u0002\u0008\u0003\u0018\u00002\u00020\u0001B\u0005\u00a2\u0006\u0002\u0010\u0002J\u0006\u0010\u0003\u001a\u00020\u0004J\u0006\u0010\u0005\u001a\u00020\u0004J\u0006\u0010\u0006\u001a\u00020\u0004\u00a8\u0006\u0007"}, d2={"Lp/Scopes;", "", "()V", "f", "", "nestedScopes", "varAssignment", "test-data_testSimple"})

  // access flags 0x11
  public final f()V
   L0
    LINENUMBER 7 L0
    LDC "2"
    ASTORE 1
   L1
    LINENUMBER 29 L1
    ALOAD 1
    POP
    LDC 1
    IFEQ L2
   L3
    LINENUMBER 30 L3
    NOP
   L4
    LINENUMBER 8 L4
    LDC "2"
    ASTORE 2
    GETSTATIC java/lang/System.out : Ljava/io/PrintStream;
    ALOAD 2
    INVOKEVIRTUAL java/io/PrintStream.println (Ljava/lang/Object;)V
   L5
    LINENUMBER 9 L5
    GETSTATIC kotlin/Unit.INSTANCE : Lkotlin/Unit;
    ASTORE 2
   L6
    LINENUMBER 31 L6
    LINENUMBER 32 L6
    ALOAD 2
   L7
    GOTO L8
   L2
    LINENUMBER 34 L2
    ACONST_NULL
   L8
    LINENUMBER 29 L8
    LINENUMBER 35 L8
    DUP
    IFNULL L9
    GOTO L10
   L9
    POP
   L11
    LINENUMBER 41 L11
    ACONST_NULL
   L10
    LINENUMBER 36 L10
    LINENUMBER 42 L10
    POP
   L12
    LINENUMBER 12 L12
    RETURN
   L13
    LOCALVARIABLE $i$a$1$forVersion I L4 L5 3
    LOCALVARIABLE res$iv Ljava/lang/Object; L6 L7 2
    LOCALVARIABLE v$iv Ljava/lang/String; L1 L8 1
    LOCALVARIABLE $i$f$forVersion I L1 L8 4
    LOCALVARIABLE $i$a$2$forVersion I L0 L0 3
    LOCALVARIABLE res$iv Ljava/lang/Object; L0 L0 2
    LOCALVARIABLE v$iv Ljava/lang/String; L0 L10 1
    LOCALVARIABLE $i$f$forVersion I L0 L10 4
    LOCALVARIABLE this Lp/Scopes; L0 L13 0
    MAXSTACK = 2
    MAXLOCALS = 5

  // access flags 0x11
  public final nestedScopes()V
   L0
    LINENUMBER 55 L0
    NOP
   L1
    LINENUMBER 43 L1
    LINENUMBER 56 L1
    NOP
   L2
    LINENUMBER 20 L2
    RETURN
   L3
    LOCALVARIABLE $i$a$1$forVersion I L0 L0 4
    LOCALVARIABLE res$iv Ljava/lang/Object; L0 L0 3
    LOCALVARIABLE v$iv Ljava/lang/String; L0 L0 2
    LOCALVARIABLE $i$f$forVersion I L0 L0 5
    LOCALVARIABLE $i$a$1$forVersion I L0 L0 6
    LOCALVARIABLE res$iv Ljava/lang/Object; L0 L0 2
    LOCALVARIABLE v$iv Ljava/lang/String; L0 L1 1
    LOCALVARIABLE $i$f$forVersion I L0 L1 7
    LOCALVARIABLE this Lp/Scopes; L0 L3 0
    MAXSTACK = 0
    MAXLOCALS = 8

  // access flags 0x11
  public final varAssignment()V
   L0
    LINENUMBER 62 L0
    ACONST_NULL
   L1
    LINENUMBER 57 L1
    LINENUMBER 63 L1
    NOP
   L2
    LINENUMBER 23 L2
    ASTORE 1
   L3
    LINENUMBER 26 L3
    GETSTATIC java/lang/System.out : Ljava/io/PrintStream;
    ALOAD 1
    INVOKEVIRTUAL java/io/PrintStream.println (Ljava/lang/Object;)V
   L4
    LINENUMBER 27 L4
    RETURN
   L5
    LOCALVARIABLE $i$a$1$forVersion I L0 L0 3
    LOCALVARIABLE res$iv Ljava/lang/Object; L0 L0 3
    LOCALVARIABLE v$iv Ljava/lang/String; L0 L2 2
    LOCALVARIABLE $i$f$forVersion I L0 L2 4
    LOCALVARIABLE v Ljava/lang/String; L3 L5 1
    LOCALVARIABLE this Lp/Scopes; L0 L5 0
    MAXSTACK = 2
    MAXLOCALS = 5

  // access flags 0x1
  public <init>()V
   L0
    LINENUMBER 5 L0
    ALOAD 0
    INVOKESPECIAL java/lang/Object.<init> ()V
    RETURN
   L1
    LOCALVARIABLE this Lp/Scopes; L0 L1 0
    MAXSTACK = 1
    MAXLOCALS = 1
}
